## /opt/cubit/13.1-47471/bin/clarox
## Cubit Version 13.1
## Cubit Build 47471
## Revised 2012-01-25 09:56:34 -0700 (Wed, 25 Jan 2012)
## Running 05/18/2012 07:43:35 PM
## Command Options:
## -warning = On
## -information = On
create cylinder height 0.0127 radius 0.0508
volume 1 move z 0.00635
webcut volume 1 with plane xplane offset 0 noimprint nomerge
webcut volume 1 with plane yplane offset 0 noimprint nomerge
delete volume 2 1
compress volume all
webcut volume 1 with cylinder radius 0.0254 axis z
imprint volume all
merge volume all

curve 9 interval 10
curve 9 scheme equal
curve 14 25 24 16 interval 6
curve 14 25 24 16 scheme equal
curve 4 interval 3
curve 4 scheme equal
volume 1 scheme map
mesh volume 1
surface 15 scheme triprimitive
mesh surface 15
volume 2 redistribute nodes off
volume 2 scheme sweep sweep_smooth linear sweep_transform translate propagate_bias autosmooth_target off
mesh volume 2

set duplicate block elements off
block 1 volume 2
block 2 volume 1

sideset 1 surface 6 both
sideset 2 surface 13 9
sideset 3 surface 7 14
sideset 4 surface 5
sideset 5 surface 15 8
sideset 6 surface 12 10

set large exodus file off
export genesis "hytec_quarter_coarse.exo" overwrite
