## /opt/cubit/13.1-47471/bin/clarox
## Cubit Version 13.1
## Cubit Build 47471
## Revised 2012-01-25 09:56:34 -0700 (Wed, 25 Jan 2012)
## Running 05/15/2012 01:08:54 PM
## Command Options:
## -warning = On
## -information = On
create sphere radius 3 inner radius 1 xpositive ypositive
create frustum height 3.2 radius 0.2 top 1
move volume 2 z 2.4
rotate volume 2 angle 54.74 about y
rotate volume 2 angle 45 about z
chop volume 1  with volume 2  
create sphere radius 2
chop volume 4 with volume 5
webcut volume 7 6 with plane zplane noimprint nomerge
compress all
imprint volume all
merge volume all

surface 3 7 15 size 0.5
mesh surface 15 7 3

curve 14 28  interval 3
curve 14 28  scheme equal

volume all scheme auto
mesh volume 4 5 3 2 1

set duplicate block elements off
block 1 volume 1
block 2 volume 2
block 3 volume 3
block 4 volume 5
block 5 volume 4

sideset 11 surface 10 18 17 20 8
sideset 11 surface 2  # external boundary of void
sideset 11 surface 16 wrt volume 2
sideset 11 surface 6 wrt volume 3
sideset 12 surface 7
sideset 12 surface 3  # external boundary of void

sideset 21 surface 25 24 12 14 22
sideset 21 surface 16 wrt volume 5
sideset 21 surface 6 wrt volume 4
sideset 22 surface 15

#sideset 31 surface 10 18 24 12 17 25 20 8 14 22
#sideset 31 surface 2  # external boundary of void
#sideset 32 surface 7 15
#sideset 32 surface 3  # external boundary of void

set large exodus file off

export genesis "meshA.exo" block 1 2 3 overwrite
export genesis "meshB.exo" block 4 5 overwrite
#export genesis "meshAB.exo" block all overwrite
