# Multiple element blocks: one with no transformed hexes, one with some transformed
# hexes and one with all transformed hexes.  Includes sidesets.
create vertex 0 0 0 
create vertex 1 0 0 
create curve vertex 1 vertex 2 
sweep curve 1  yaxis angle -90 
sweep surface 1  vector 0 1 0 distance 30
sweep curve 1  vector 0 0 -1 distance .25 
sweep surface 6  vector 0 1 0 distance 30
draw plane xplane offset 0.25 extended percentage 20
webcut volume 2  with plane xplane offset 0.25 
imprint volume all 
merge volume all 

surface 21  interval 1
surface 21  scheme Map
mesh surface 21 
surface 14  size .25
surface 14  scheme Map
mesh surface 14 
curve 2 interval 4
surface 5  scheme TriPrimitive
mesh surface 5 

curve 9 interval 2
volume 1 scheme sweep source surface 5 target surface 1 rotate off
volume 2 scheme sweep source surface 14 target surface 16 rotate off
volume 3 scheme sweep source surface 21 target surface 18 rotate off
mesh volume 1
mesh volume 2
mesh volume 3


block 1 volume 3  
block 2 volume 1  
block 3 volume 2  
sideset 1 surface 5
sideset 2 surface 3 4
set large exodus file off
export Genesis  "good-mesh-1.exo" dimension 3 

