## /opt/cubit/11.1/bin/clarox
## Cubit Version 11.1
## Cubit Build 39271
## Revised 2009-02-17 11:06:39 -0700 (Tue, 17 Feb 2009)
## Running 05/04/2010 01:31:56 PM
## Command Options:
## -warning = On
## -information = On

create torus major radius 1 minor radius 0.8
webcut volume 1 with plane yplane offset 0 noimprint nomerge
webcut volume 2 with plane yplane offset 0 rotate 60 about z noimprint nomerge
delete volume 1 3
webcut volume 2 with plane zplane offset 0 rotate 60 about z noimprint nomerge
delete volume 4
create torus major radius 0.9 minor radius 0.4
webcut volume 2 tool volume 5
delete volume 5
imprint volume all
merge volume all

curve 11 12 interval 32
curve 11 scheme bias factor 1.04 start vertex 5
curve 12 scheme bias factor 1.04 start vertex 4
mesh curve 11 12

curve 20 22 interval 32
curve 20 scheme bias factor 1.03 start vertex 13
curve 22 scheme bias factor 1.03 start vertex 14
mesh curve 20 22

curve 26 25 23 24 interval 6
curve 26 25 23 24 scheme equal

surface 22 25 scheme map
mesh surface 22 25

curve 8 19 21 10 interval 8
curve 8 19 21 10 scheme equal
mesh curve 8 19 21 10

volume 2 scheme sweep source surface 25 target surface 22 rotate off
volume 2 sweep smooth linear
mesh volume 2

surface 27 scheme pave
mesh surface 27
surface 27 smooth scheme winslow
smooth surface 27

volume 6 scheme sweep source surface 27 target surface 29 rotate off
volume 6 sweep smooth linear
mesh volume 6

htet volume 2 6 unstructured

block 1 volume 2
block 2 volume 6

sideset 1 surface 25 27 23 28 24 22 29
sideset 2 surface 15
sideset 3 surface 21 wrt volume 2
sideset 5 surface 21

set large exodus file off
export genesis "vfrad1-tet.gen" overwrite
