create Cylinder height 1 radius 10
webcut volume 1  with plane xplane noimprint nomerge 
webcut volume 1  with plane yplane noimprint nomerge 
delete volume 1 2 
webcut volume 3  with cylinder radius 6 axis z 
webcut volume 3  with cylinder radius 8 axis z 
imprint volume all 
merge volume all 

curve 50  interval 10
curve 59 60 interval 4
curve 50 59 60  scheme equal
mesh surface 38 

curve 45 46  interval 6
curve 45 46  scheme equal
surface 31  scheme TriPrimitive
mesh surface 31 
surface 31  smooth scheme centroid area pull 
smooth surface 31 
smooth surface 31 

curve 23 interval 1
volume 3 scheme Sweep  source surface 36  target surface 34  rotate off
volume 4 scheme Sweep  source surface 31  target surface 28  rotate off
volume 5 scheme sweep  source surface 38  target surface 41  rotate off
volume 3 4 5 sweep smooth Linear
mesh volume 4
mesh volume 5

block 12 volume 5  # Outer layer of conducting cylinder
block 11 volume 4  # Central core of conducting cylinder

# All exterior surfaces: no flux for heat conduction
Sideset 1 surface 31 38 28 41 29 40 39 30 # symmetry planes
Sideset 2 surface 32 wrt volume 5 # cylinder surface

export genesis "em-qcyl-hex.gen" overwrite

curve 52 54 interval 2
curve 52 54 scheme equal
surface 36  scheme Map
mesh surface 36 

mesh volume 3

reset genesis
block 12 volume 5  # Outer layer of conducting cylinder
block 11 volume 4  # Central core of conducting cylinder
block 10 volume 3  # surrounding layer of free space
# All exterior surfaces: no flux for heat conduction
Sideset 1 surface 31 38 36 28 41 34 29 40 33 21 35 39 30

export genesis "em-qcyl-hex-void.gen" overwrite

htet volume 3 4 5 #structured

reset genesis
block 12 volume 5  # Outer layer of conducting cylinder
block 11 volume 4  # Central core of conducting cylinger
block 10 volume 3  # surrounding layer of free space

Sideset 1 surface 21 # Outer surface where the source field is imposed
Sideset 2 surface 29 40 33 30 39 35  # x=0 and y=0 symmetry planes
Sideset 3 surface 31 38 36 28 41 34  # top and bottom symmetry planes

export genesis "em-qcyl-tet.gen" overwrite
